running egg_info
creating ../../build/pubsub_pkg/pubsub_pkg.egg-info
writing ../../build/pubsub_pkg/pubsub_pkg.egg-info/PKG-INFO
writing dependency_links to ../../build/pubsub_pkg/pubsub_pkg.egg-info/dependency_links.txt
writing entry points to ../../build/pubsub_pkg/pubsub_pkg.egg-info/entry_points.txt
writing requirements to ../../build/pubsub_pkg/pubsub_pkg.egg-info/requires.txt
writing top-level names to ../../build/pubsub_pkg/pubsub_pkg.egg-info/top_level.txt
writing manifest file '../../build/pubsub_pkg/pubsub_pkg.egg-info/SOURCES.txt'
reading manifest file '../../build/pubsub_pkg/pubsub_pkg.egg-info/SOURCES.txt'
writing manifest file '../../build/pubsub_pkg/pubsub_pkg.egg-info/SOURCES.txt'
running build
running build_py
creating /ros2_ws/build/pubsub_pkg/build
creating /ros2_ws/build/pubsub_pkg/build/lib
creating /ros2_ws/build/pubsub_pkg/build/lib/pubsub_pkg
copying pubsub_pkg/talker.py -> /ros2_ws/build/pubsub_pkg/build/lib/pubsub_pkg
copying pubsub_pkg/__init__.py -> /ros2_ws/build/pubsub_pkg/build/lib/pubsub_pkg
running install
running install_lib
creating /ros2_ws/install/pubsub_pkg/lib/python3.12/site-packages/pubsub_pkg
copying /ros2_ws/build/pubsub_pkg/build/lib/pubsub_pkg/talker.py -> /ros2_ws/install/pubsub_pkg/lib/python3.12/site-packages/pubsub_pkg
copying /ros2_ws/build/pubsub_pkg/build/lib/pubsub_pkg/__init__.py -> /ros2_ws/install/pubsub_pkg/lib/python3.12/site-packages/pubsub_pkg
byte-compiling /ros2_ws/install/pubsub_pkg/lib/python3.12/site-packages/pubsub_pkg/talker.py to talker.cpython-312.pyc
byte-compiling /ros2_ws/install/pubsub_pkg/lib/python3.12/site-packages/pubsub_pkg/__init__.py to __init__.cpython-312.pyc
running install_data
creating /ros2_ws/install/pubsub_pkg/share/ament_index
creating /ros2_ws/install/pubsub_pkg/share/ament_index/resource_index
creating /ros2_ws/install/pubsub_pkg/share/ament_index/resource_index/packages
copying resource/pubsub_pkg -> /ros2_ws/install/pubsub_pkg/share/ament_index/resource_index/packages
copying package.xml -> /ros2_ws/install/pubsub_pkg/share/pubsub_pkg
running install_egg_info
Copying ../../build/pubsub_pkg/pubsub_pkg.egg-info to /ros2_ws/install/pubsub_pkg/lib/python3.12/site-packages/pubsub_pkg-0.0.0-py3.12.egg-info
running install_scripts
Installing talker_node script to /ros2_ws/install/pubsub_pkg/lib/pubsub_pkg
writing list of installed files to '/ros2_ws/build/pubsub_pkg/install.log'
